taah
taal
taat
tabb
tabd
tabj
tabk
taby
tace
tacf
tack
tacs
tacv
tade
tads
tadx
taea
taeb
taen
taeu
taex
tafj
tafm
tafq
tagb
tagx
tahd
tahn
taie
taii
taik
taim
taio
tajd
taje
tajk
tajm
tajp
tajt
takd
takr
taks
tala
tald
talk
talp
talr
talx
taly
talz
tamo
tamu
tanb
tang
tank
tanq
tans
tany
tanz
taoe
taov
tapa
tapg
tapn
tapp
tapy
taqj
taqn
taqw
tara
tarc
tarf
tarn
tarw
tasq
tasv
tasy
tasz
tatb
tatc
tate
tatv
taud
taug
tauv
tava
tavj
tavu
tawe
taxc
taxf
taxg
taxk
taxm
taxq
taxr
taxu
taxw
tayh
tayl
tayq
tays
tayw
tazq
tazx
tbai
tbak
tbbf
tbbk
tbbr
tbbw
tbbz
tbcb
tbda
tbdn
tbdo
tbds
tbdt
tbea
tbfa
tbfk
tbfo
tbgs
tbhc
tbic
tbip
tbiv
tbiw
tbja
tbjg
tbji
tbjk
tbjr
tbjt
tbjv
tbjw
tbke
tbki
tbkl
tbkx
tbla
tblv
tblz
tbmj
tbmq
tbms
tbmu
tbmz
tbna
tbnf
tbnk
tbns
tbnt
tbnu
tbob
tbog
tboh
tbon
tbow
tbox
tbpa
tbpb
tbqk
tbqs
tbqz
tbrd
tbrg
tbrl
tbsc
tbsd
tbsf
tbsg
tbsi
tbsl
tbso
tbsz
tbtk
tbto
tbtv
tbua
tbub
tbuq
tbvn
tbvs
tbwj
tbwn
tbwu
tbxb
tbxf
tbxh
tbxk
tbxo
tbyb
tbyf
tbyp
tbyq
tbza
tbzs
tbzz
tcab
tcbe
tcbf
tcbg
tcbu
tccf
tccj
tccw
tccx
tcdc
tcdd
tcdm
tcdz
tcea
tcec
tced
tcei
tceq
tces
tcey
tcfi
tcfz
tcgb
tcgc
tcgf
tchb
tchf
tcho
tcin
tcio
tcis
tciz
tcjg
tcjh
tcjo
tcjp
tcjs
tcjv
tcjw
tckd
tckf
tckh
tckr
tcks
tckv
tclc
tclp
tclw
tcmf
tcmg
tcmj
tcmo
tcmt
tcmv
tcne
tcnf
tcnn
tcno
tcnq
tcom
tcoo
tcov
tcoy
tcpa
tcpi
tcps
tcpt
tcpv
tcrd
tcrf
tcrw
tcso
tcss
tcsw
tcte
tctg
tcth
tcty
tcuv
tcuy
tcvk
tcvw
tcwr
tcwt
tcxb
tcxd
tcxf
tcxi
tcxo
tcxx
tcyd
tcye
tcyl
tcyr
tcyw
tdab
tdag
tdal
tdaq
tdat
tdbe
tdbf
tdbp
tdbw
tdcf
tdcv
tddd
tddg
tddo
tdef
tdeg
tdek
tdep
tdev
tdez
tdfe
tdfm
tdfw
tdfx
tdgh
tdgj
tdgl
tdhk
tdhx
tdib
tdid
tdiq
tdiw
tdjf
tdjg
tdjm
tdjr
tdjw
tdke
tdkf
tdki
tdkl
tdkw
tdkz
tdlx
tdmb
tdmc
tdmg
tdna
tdne
tdni
tdnp
tdnv
tdnz
tdom
tdox
tdpb
tdpf
tdpn
tdpr
tdpu
tdqa
tdqc
tdqg
tdqp
tdqx
tdrc
tdrg
tdrj
tdsb
tdsh
tdso
tdti
tdtn
tdua
tdug
tduk
tduo
tdup
tduz
tdvf
tdvo
tdvp
tdvt
tdwf
tdwl
tdxi
tdxq
tdxv
tdyl
tdyr
tdyv
tdyz
tdzi
tdzl
tdzp
tdzx
tdzz
teab
teac
teaq
teas
tebh
tebi
tebj
tecl
tecx
tedj
tedq
tedz
teeq
tees
teez
tefg
tefm
tefw
tegl
tegn
tegr
tehu
tehx
tehz
teia
teig
teih
teii
teim
teio
teiw
teja
tejf
tejg
tejl
tejw
tejx
teks
tekw
telm
telx
telz
temr
temt
temz
tena
tene
tenk
teom
teoo
teou
tepb
tepn
tepr
teqo
tere
terq
terr
terz
tesa
tesd
tesg
tetd
teti
tetj
tetk
tety
teuf
teuw
tevy
tewa
tewf
tewp
tewr
texd
texj
texn
texo
teyb
teyd
teyh
teyn
teza
tezf
tezg
tezl
tezz
tfae
tfaj
tfao
tfas
tfbc
tfbk
tfbo
tfbw
tfcb
tfcl
tfco
tfcx
tfdf
tfdn
tfdp
tfdx
tfel
tffj
tffk
tffv
tffw
tfgp
tfgr
tfgs
tfhf
tfhh
tfhj
tfii
tfjm
tfjo
tfjv
tfjx
tfkc
tfki
tfkj
tfko
tfkw
tflb
tflo
tflv
tfma
tfmu
tfnd
tfns
tfnz
tfod
tfos
tfot
tfou
tfov
tfpc
tfpe
tfpk
tfpt
tfpv
tfqb
tfqe
tfqg
tfqj
tfqk
tfqq
tfra
tfrb
tfrc
tfsg
tfsn
tfth
tfto
tftr
tfua
tfun
tfuw
tfvf
tfvi
tfwt
tfxd
tfxe
tfxf
tfxg
tfxh
tfxo
tfxx
tfyn
tfyt
tfza
tfzb
tfze
tfzn
tfzo
tfzw
tfzz
tgak
tgar
tgas
tgbg
tgbk
tgbt
tgcf
tgci
tgcv
tgcz
tgda
tgdb
tgde
tgdh
tgdn
tgdq
tgdv
tged
tgek
tget
tgex
tgey
tgez
tgfe
tgfg
tgfo
tgft
tgfy
tgfz
tggs
tggv
tghm
tghw
tgic
tgik
tgiw
tgjr
tgjs
tgkm
tgkn
tgks
tglc
tgli
tgme
tgmf
tgmo
tgmr
tgmz
tgnh
tgno
tgnq
tgnw
tgon
tgpc
tgpr
tgqb
tgqg
tgqj
tgqt
tgrk
tgrm
tgrt
tgrx
tgrz
tgsg
tgsh
tgss
tgsw
tgtm
tgur
tgut
tgvl
tgvq
tgvr
tgvt
tgvy
tgvz
tgwu
tgwv
tgwy
tgxa
tgxj
tgxk
tgxm
tgxp
tgxq
tgxw
tgxz
tgyb
tgyd
tgyf
tgyi
tgyj
tgym
tgyu
thak
thas
thav
thbk
thbs
thbx
thco
thcq
thdl
thds
thdv
theu
thez
thfc
thfd
thga
thgb
thgm
thhj
thhq
thic
thie
thig
thij
thir
thit
thiw
thjd
thji
thkh
thki
thkm
thkn
thla
thlg
thlh
thlm
thlp
thlu
thmf
thmo
thnf
thng
thnn
thob
thok
thoy
thps
thpu
thqm
thqp
thqr
thqx
thrd
thrf
thrj
thrl
thsk
thsr
thss
thtc
thte
thtl
thub
thuf
thuj
thul
thvc
thvj
thvk
thvz
thwi
thxb
thxg
thxo
thxr
thxu
thxy
thya
thyd
thyy
thyz
thzg
thzh
thzk
thzy
tiaa
tiah
tiai
tiaz
tibi
tibl
tibt
tibz
ticf
ticm
tidc
tidf
tidr
tidu
tier
tiez
tifi
tifo
tifp
tigg
tigq
tigr
tigt
tigy
tigz
tihc
tihf
tiho
tihx
tiia
tiic
tiie
tiif
tiiw
tiix
tijb
tije
tijm
tijo
tijs
tikb
tilf
tilz
timb
timg
timh
timq
tinp
tinq
tint
tioe
tiok
tiom
tioz
tipa
tipf
tipw
tipz
tiqa
tiqo
tiqv
tiry
tisj
tisk
tiss
titx
tiuh
tiui
tiuk
tiul
tiun
tiuv
tivm
tivn
tivq
tivu
tiwb
tiwk
tixm
tixu
tiyi
tiyj
tiyn
tizq
tizt
tizw
tjah
tjaj
tjbe
tjbi
tjbv
tjby
tjci
tjcx
tjdd
tjdk
tjeq
tjeu
